/pictures/family/edutton/edutton.html                                   /photo/edmond-dutton-and-margaret-barnett-ross
/pictures/family/edutton/margaretdutton.html                            /photo/edmond-dutton-and-margaret-barnett-ross
/pictures/family/edutton/edutton_home1.html                             /photo/edmond-dutton-and-margaret-barnett-ross
/pictures/family/edutton/adutton_mjhdutton1.html                        /photo/alexander-dutton-wives-sarah-elizabeth-hampton-and-martha-jane-hampton
/pictures/family/edutton/thprice_family1.html                           /photo/alexander-dutton-wives-sarah-elizabeth-hampton-and-martha-jane-hampton
/pictures/family/edutton/eldutton1.html                                 /photo/alexander-dutton-wives-sarah-elizabeth-hampton-and-martha-jane-hampton
/pictures/family/edutton/mlkdutton1.html                                /photo/alexander-dutton-wives-sarah-elizabeth-hampton-and-martha-jane-hampton
/pictures/family/edutton/ddutton1.html                                  /photo/dallas-dutton-and-alice-dill
/pictures/family/edutton/ddutton_children1.html                         /photo/dallas-dutton-and-alice-dill
/pictures/family/edutton/wadutton1.html                                 /photo/dallas-dutton-and-alice-dill
/pictures/family/edutton/wadutton_children1.html                        /photo/dallas-dutton-and-alice-dill
/pictures/family/edutton/wcdutton1.html                                 /photo/dallas-dutton-and-alice-dill
/pictures/family/edutton/gadutton_aemdutton1.html                       /photo/george-arthur-dutton-and-arrow-etta-matthews
/pictures/family/edutton/gadutton_aemdutton2.html                       /photo/george-arthur-dutton-and-arrow-etta-matthews
/pictures/family/edutton/spdutton_family.html                           /photo/stephen-penn-dutton-wives-mary-frances-dutton-and-sarah-jane-dutton
/pictures/family/edutton/spdutton_sjdutton1.html                        /photo/stephen-penn-dutton-wives-mary-frances-dutton-and-sarah-jane-dutton
/pictures/family/edutton/jadutton1.html                                 /photo/stephen-penn-dutton-wives-mary-frances-dutton-and-sarah-jane-dutton
/pictures/family/edutton/jadutton2.html                                 /photo/stephen-penn-dutton-wives-mary-frances-dutton-and-sarah-jane-dutton
/pictures/family/edutton/marydutton1.html                               /photo/stephen-penn-dutton-wives-mary-frances-dutton-and-sarah-jane-dutton
/pictures/family/edutton/jadutton_family1.html                          /photo/stephen-penn-dutton-wives-mary-frances-dutton-and-sarah-jane-dutton
/pictures/family/edutton/gshughes1.html                                 /photo/george-s-hughes-and-margaret-elizabeth-dutton
/pictures/family/edutton/gshughes2.html                                 /photo/george-s-hughes-and-margaret-elizabeth-dutton
/pictures/family/edutton/gshughes3.html                                 /photo/george-s-hughes-and-margaret-elizabeth-dutton
/pictures/family/edutton/jwroper1.html                                  /photo/george-s-hughes-and-margaret-elizabeth-dutton
/pictures/family/edutton/gwdutton_family.html                           /photo/george-washington-dutton-wives-martha-emily-simpson-and-adrian-ada-sillavan
/pictures/family/edutton/gwdutton1.html                                 /photo/george-washington-dutton-wives-martha-emily-simpson-and-adrian-ada-sillavan
/pictures/family/edutton/trannieleedutton1.html                         /photo/george-washington-dutton-wives-martha-emily-simpson-and-adrian-ada-sillavan
/pictures/family/edutton/jhcaudle1.html                                 /photo/joseph-harrison-caudle-and-mary-frances-dutton
/pictures/family/edutton/johndutton_family.html                         /photo/john-dutton-wives-rachel-kay-templeton-and-adrian-ada-sillavan
/pictures/family/edutton/raday1.html                                    /photo/david-day-and-cyrena-jane-dutton
/pictures/family/jardutton/brownbrothers1.html                          /photo/william-boyd-brown-and-sarah-elizabeth-hendrick
/pictures/family/sdutton/wzdutton1.html                                 /photo/william-zachariah-dutton-and-lavina-jane-borden
/pictures/family/sdutton/wzdutton_family1.html                          /photo/william-zachariah-dutton-and-lavina-jane-borden
/pictures/family/sdutton/wzdutton_family2.html                          /photo/william-zachariah-dutton-and-lavina-jane-borden
/pictures/family/adutton/duttonhome1.html                               /photo/george-washington-dutton-and-mary-ann-moore
/pictures/family/adutton/jnmartin_aldmartin1.html                       /photo/george-washington-dutton-and-mary-ann-moore
/pictures/family/adutton/mamdutton1.html                                /photo/george-washington-dutton-and-mary-ann-moore
/images/family/adutton/jnmartin_aldmartin1.jpg                          /sites/default/files/jasper-newton-martin-anna-lafenia-dutton.jpg
/images/family/adutton/mamdutton1.jpg                                   /sites/default/files/mary-ann-moore-dutton.jpg
/images/family/adutton/duttonhome1.jpg                                  /sites/default/files/george-w-dutton-home.jpg
/pictures/family/adutton/jfdutton_men1.html                             /photo/columbus-dutton-and-catherine-huey
/pictures/family/adutton/jfdutton_women1.html                           /photo/columbus-dutton-and-catherine-huey
/pictures/family/adutton/mmdutton_ww1.html                              /photo/columbus-dutton-and-catherine-huey
/pictures/family/adutton/tomdutton1.html                                /photo/columbus-dutton-and-catherine-huey
/pictures/family/wdutton/dan_laura_dutton52.html                        /photo/william-dutton-and-mary-hogan
/pictures/family/wdutton/dan_laura_dutton55.html                        /photo/william-dutton-and-mary-hogan
/pictures/family/wdutton/dan_laura_dutton62.html                        /photo/william-dutton-and-mary-hogan
/images/family/wdutton/dan_laura_dutton52.jpg                           /sites/default/files/dan-and-laura-dutton-1952.jpg
/images/family/wdutton/dan_laura_dutton55.jpg                           /sites/default/files/dan-and-laura-dutton-1955.jpg
/images/family/wdutton/dan_laura_dutton62.jpg                           /sites/default/files/dan-and-laura-dutton-1962.jpg
