zachariah-dutton=0
william-dutton-and-mary-hogan=0
thomas-w-sparks-and-mary-jane-dutton=0
james-zachariah-dutton-wives-margaret-elizabeth-hunter-and-mary-jane-flowers=1
john-dutton-and-omah-parrish=1
james-dutton-and-mary-irwin=0
reuben-keeton-and-mary-jane-dutton=0
william-dutton-and-mariah-keeton=1
simeon-b-dutton-and-rebecca-hamilton=2
george-w-dutton-and-mary-brown=3
christopher-columbus-hamilton-and-elizabeth-ann-dutton=4
thomas-f-dutton-wives-louisa-e-carmichael-and-sarah-banks=5
thomas-dutton-and-elizabeth-kitchens=1
christopher-columbus-witt-and-sarah-jane-dutton=0
richard-joshua-turrentine-and-sarah-jane-dutton=1
james-h-dutton-and-edna-e-nance=2
james-andrew-hogan-and-lavina-presley-dutton=3
john-franklin-dutton-and-piety-ann-wilhite=4
alexander-j-dutton-and-malinda-susan-mccormick=5
alexander-dutton-and-rachel-feazel=2
william-h-pipes-and-louisa-dutton=0
columbus-dutton-and-catherine-huey=1
george-washington-dutton-and-mary-ann-moore=2
gerrard-jarrett-dutton-and-charity-mcdaniel=3
zachariah-dutton-and-mary-emily-rushing=0
john-brown-and-mary-permelia-dutton=1
william-dutton-and-martha-mcdonald=2
levi-dutton-and-nancy-allen=3
stephen-dutton-and-sarah-obriant=4
william-zachariah-dutton-and-lavina-jane-borden=0
john-anderson-mcvay=1
jesse-a-mclemore-wives-elizabeth-blizzard-and-caroline-p-dutton=2
samuel-d-edmond-dutton-and-matilda-c-norwood=3
solomon-p-dutton-and-mary-a-malvina-plant=4
milton-l-tanksley-wives-mary-h-kitchens-and-sarah-m-dutton=5
edmond-dutton-and-margaret-barnett-ross=5
david-day-and-cyrena-jane-dutton=0
alexander-dutton-wives-sarah-elizabeth-hampton-and-martha-jane-hampton=1
joel-w-watkins-and-louisa-dutton=2
kelso-d-hogan-and-louinda-dutton=3
james-dutton-and-elizabeth-day=4
john-dutton-wives-rachel-kay-templeton-and-adrian-ada-sillvan=5
stephen-penn-dutton-wives-mary-frances-dutton-and-sarah-jane-dutton=6
samuel-dutton-and-sarah-a-nance=7
edmond-edmon-dutton-and-letha-b-nance=8
george-s-hughes-and-margaret-elizabeth-dutton=9
william-h-nance-wives-martha-s-dutton-and-frances-ann-johnson=10
joseph-harrison-caudle-wifes-celia-jane-petty-and-mary-frances-dutton=11
george-washington-dutton-wives-martha-emily-simpson-and-adrian-ada-sillavan=12
samuel-sneed-dutton-and-elizabeth-robinson-threadgill=6
george-w-dutton-and-elizabeth-sullivan=0
elias-penn-fort-and-mary-a-dutton=1
alexander-f-dutton-and-dorothy-ann-wakefield=2
zachariah-j-dutton-and-martha-jane-morris=3
theodore-white-and-lucy-h-dutton=4
edmund-h-dutton-and-mary-frances-maner=5
william-cavaso-dutton-and-martha-jane-maner=6
